00:00 +0: loading /Users/wballard/github/formbuilder/test/models/toolbox_item_test.dart                                                                                                                00:00 +0: /Users/wballard/github/formbuilder/test/models/toolbox_item_test.dart: ToolboxItem creates valid instance with valid values                                                                  00:00 +1: /Users/wballard/github/formbuilder/test/models/toolbox_item_test.dart: ToolboxItem creates valid instance with valid values                                                                  00:00 +1: /Users/wballard/github/formbuilder/test/models/toolbox_item_test.dart: ToolboxItem creates instance with minimum dimensions                                                                  00:00 +2: /Users/wballard/github/formbuilder/test/models/toolbox_item_test.dart: ToolboxItem creates instance with minimum dimensions                                                                  00:00 +2: /Users/wballard/github/formbuilder/test/models/toolbox_item_test.dart: ToolboxItem throws AssertionError when name is empty                                                                  00:01 +3: /Users/wballard/github/formbuilder/test/models/toolbox_item_test.dart: ToolboxItem throws AssertionError when name is empty                                                                  00:01 +3: /Users/wballard/github/formbuilder/test/models/toolbox_item_test.dart: ToolboxItem throws AssertionError when displayName is empty                                                           00:01 +4: /Users/wballard/github/formbuilder/test/models/toolbox_item_test.dart: ToolboxItem throws AssertionError when displayName is empty                                                           00:01 +4: /Users/wballard/github/formbuilder/test/models/toolbox_item_test.dart: ToolboxItem throws AssertionError when defaultWidth is less than 1                                                    00:01 +5: /Users/wballard/github/formbuilder/test/models/toolbox_item_test.dart: ToolboxItem throws AssertionError when defaultWidth is less than 1                                                    00:01 +5: /Users/wballard/github/formbuilder/test/models/toolbox_item_test.dart: ToolboxItem throws AssertionError when defaultHeight is less than 1                                                   00:01 +6: /Users/wballard/github/formbuilder/test/models/toolbox_item_test.dart: ToolboxItem throws AssertionError when defaultHeight is less than 1                                                   00:01 +6: /Users/wballard/github/formbuilder/test/models/toolbox_item_test.dart: ToolboxItem equality two instances with same values are equal                                                         00:01 +7: /Users/wballard/github/formbuilder/test/models/toolbox_item_test.dart: ToolboxItem equality two instances with same values are equal                                                         00:01 +7: /Users/wballard/github/formbuilder/test/models/toolbox_item_test.dart: ToolboxItem equality two instances with different names are not equal                                                 00:01 +8: /Users/wballard/github/formbuilder/test/models/toolbox_item_test.dart: ToolboxItem equality two instances with different names are not equal                                                 00:01 +8: /Users/wballard/github/formbuilder/test/models/toolbox_item_test.dart: ToolboxItem toString returns readable representation                                                                  00:01 +9: /Users/wballard/github/formbuilder/test/models/toolbox_item_test.dart: ToolboxItem toString returns readable representation                                                                  00:01 +9: /Users/wballard/github/formbuilder/test/models/toolbox_item_test.dart: Toolbox creates valid instance with empty items                                                                       00:01 +10: /Users/wballard/github/formbuilder/test/models/toolbox_item_test.dart: Toolbox creates valid instance with empty items                                                                      00:01 +10: /Users/wballard/github/formbuilder/test/models/toolbox_item_test.dart: Toolbox creates valid instance with unique items                                                                     00:01 +11: /Users/wballard/github/formbuilder/test/models/toolbox_item_test.dart: Toolbox creates valid instance with unique items                                                                     00:01 +11: /Users/wballard/github/formbuilder/test/models/toolbox_item_test.dart: Toolbox throws ArgumentError when items have duplicate names                                                         00:01 +12: /Users/wballard/github/formbuilder/test/models/toolbox_item_test.dart: Toolbox throws ArgumentError when items have duplicate names                                                         00:01 +12: /Users/wballard/github/formbuilder/test/models/toolbox_item_test.dart: Toolbox getItem returns item when it exists                                                                          00:01 +13: /Users/wballard/github/formbuilder/test/models/toolbox_item_test.dart: Toolbox getItem returns item when it exists                                                                          00:01 +13: /Users/wballard/github/formbuilder/test/models/toolbox_item_test.dart: Toolbox getItem returns null when item does not exist                                                                00:01 +14: /Users/wballard/github/formbuilder/test/models/toolbox_item_test.dart: Toolbox getItem returns null when item does not exist                                                                00:01 +14: /Users/wballard/github/formbuilder/test/models/toolbox_item_test.dart: Toolbox items list is immutable                                                                                      00:01 +15: /Users/wballard/github/formbuilder/test/models/toolbox_item_test.dart: Toolbox items list is immutable                                                                                      00:01 +15: /Users/wballard/github/formbuilder/test/models/toolbox_item_test.dart: Toolbox predefined items creates toolbox with predefined items                                                       00:01 +16: /Users/wballard/github/formbuilder/test/models/toolbox_item_test.dart: Toolbox predefined items creates toolbox with predefined items                                                       00:01 +16: loading /Users/wballard/github/formbuilder/test/models/widget_placement_test.dart                                                                                                           00:01 +16: /Users/wballard/github/formbuilder/test/models/widget_placement_test.dart: WidgetPlacement creates valid instance with valid values                                                         00:01 +17: /Users/wballard/github/formbuilder/test/models/widget_placement_test.dart: WidgetPlacement creates valid instance with valid values                                                         00:01 +17: /Users/wballard/github/formbuilder/test/models/widget_placement_test.dart: WidgetPlacement creates instance at origin                                                                       00:01 +18: /Users/wballard/github/formbuilder/test/models/widget_placement_test.dart: WidgetPlacement creates instance at origin                                                                       00:01 +18: /Users/wballard/github/formbuilder/test/models/widget_placement_test.dart: WidgetPlacement throws AssertionError when column is negative                                                    00:01 +19: /Users/wballard/github/formbuilder/test/models/widget_placement_test.dart: WidgetPlacement throws AssertionError when column is negative                                                    00:01 +19: /Users/wballard/github/formbuilder/test/models/widget_placement_test.dart: WidgetPlacement throws AssertionError when row is negative                                                       00:01 +20: /Users/wballard/github/formbuilder/test/models/widget_placement_test.dart: WidgetPlacement throws AssertionError when row is negative                                                       00:01 +20: /Users/wballard/github/formbuilder/test/models/widget_placement_test.dart: WidgetPlacement throws AssertionError when width is less than 1                                                  00:01 +21: /Users/wballard/github/formbuilder/test/models/widget_placement_test.dart: WidgetPlacement throws AssertionError when width is less than 1                                                  00:01 +21: /Users/wballard/github/formbuilder/test/models/widget_placement_test.dart: WidgetPlacement throws AssertionError when height is less than 1                                                 00:01 +22: /Users/wballard/github/formbuilder/test/models/widget_placement_test.dart: WidgetPlacement throws AssertionError when height is less than 1                                                 00:01 +22: /Users/wballard/github/formbuilder/test/models/widget_placement_test.dart: WidgetPlacement throws AssertionError when id is empty                                                           00:01 +23: /Users/wballard/github/formbuilder/test/models/widget_placement_test.dart: WidgetPlacement throws AssertionError when id is empty                                                           00:01 +23: /Users/wballard/github/formbuilder/test/models/widget_placement_test.dart: WidgetPlacement throws AssertionError when widgetName is empty                                                   00:01 +24: /Users/wballard/github/formbuilder/test/models/widget_placement_test.dart: WidgetPlacement throws AssertionError when widgetName is empty                                                   00:01 +24: /Users/wballard/github/formbuilder/test/models/widget_placement_test.dart: WidgetPlacement bounds calculates bounds correctly                                                               00:01 +25: /Users/wballard/github/formbuilder/test/models/widget_placement_test.dart: WidgetPlacement bounds calculates bounds correctly                                                               00:01 +25: /Users/wballard/github/formbuilder/test/models/widget_placement_test.dart: WidgetPlacement bounds calculates bounds for 1x1 widget                                                          00:01 +26: /Users/wballard/github/formbuilder/test/models/widget_placement_test.dart: WidgetPlacement bounds calculates bounds for 1x1 widget                                                          00:01 +26: /Users/wballard/github/formbuilder/test/models/widget_placement_test.dart: WidgetPlacement fitsInGrid fits when completely within grid                                                      00:01 +27: /Users/wballard/github/formbuilder/test/models/widget_placement_test.dart: WidgetPlacement fitsInGrid fits when completely within grid                                                      00:01 +27: /Users/wballard/github/formbuilder/test/models/widget_placement_test.dart: WidgetPlacement fitsInGrid fits when filling entire grid                                                         00:01 +28: /Users/wballard/github/formbuilder/test/models/widget_placement_test.dart: WidgetPlacement fitsInGrid fits when filling entire grid                                                         00:01 +28: /Users/wballard/github/formbuilder/test/models/widget_placement_test.dart: WidgetPlacement fitsInGrid does not fit when extending beyond columns                                            00:01 +29: /Users/wballard/github/formbuilder/test/models/widget_placement_test.dart: WidgetPlacement fitsInGrid does not fit when extending beyond columns                                            00:01 +29: /Users/wballard/github/formbuilder/test/models/widget_placement_test.dart: WidgetPlacement fitsInGrid does not fit when extending beyond rows                                               00:01 +30: /Users/wballard/github/formbuilder/test/models/widget_placement_test.dart: WidgetPlacement fitsInGrid does not fit when extending beyond rows                                               00:01 +30: /Users/wballard/github/formbuilder/test/models/widget_placement_test.dart: WidgetPlacement fitsInGrid does not fit when starting beyond grid                                                00:01 +31: /Users/wballard/github/formbuilder/test/models/widget_placement_test.dart: WidgetPlacement fitsInGrid does not fit when starting beyond grid                                                00:01 +31: /Users/wballard/github/formbuilder/test/models/widget_placement_test.dart: WidgetPlacement overlaps overlaps when identical positions                                                       00:01 +32: /Users/wballard/github/formbuilder/test/models/widget_placement_test.dart: WidgetPlacement overlaps overlaps when identical positions                                                       00:01 +32: /Users/wballard/github/formbuilder/test/models/widget_placement_test.dart: WidgetPlacement overlaps overlaps when partially overlapping                                                     00:01 +33: /Users/wballard/github/formbuilder/test/models/widget_placement_test.dart: WidgetPlacement overlaps overlaps when partially overlapping                                                     00:01 +33: /Users/wballard/github/formbuilder/test/models/widget_placement_test.dart: WidgetPlacement overlaps does not overlap when adjacent horizontally                                             00:01 +34: /Users/wballard/github/formbuilder/test/models/widget_placement_test.dart: WidgetPlacement overlaps does not overlap when adjacent horizontally                                             00:01 +34: /Users/wballard/github/formbuilder/test/models/widget_placement_test.dart: WidgetPlacement overlaps does not overlap when adjacent vertically                                               00:01 +35: /Users/wballard/github/formbuilder/test/models/widget_placement_test.dart: WidgetPlacement overlaps does not overlap when adjacent vertically                                               00:01 +35: /Users/wballard/github/formbuilder/test/models/widget_placement_test.dart: WidgetPlacement overlaps does not overlap when completely separate                                               00:01 +36: /Users/wballard/github/formbuilder/test/models/widget_placement_test.dart: WidgetPlacement overlaps does not overlap when completely separate                                               00:01 +36: /Users/wballard/github/formbuilder/test/models/widget_placement_test.dart: WidgetPlacement overlaps overlaps when one contains the other                                                    00:01 +37: /Users/wballard/github/formbuilder/test/models/widget_placement_test.dart: WidgetPlacement overlaps overlaps when one contains the other                                                    00:01 +37: /Users/wballard/github/formbuilder/test/models/widget_placement_test.dart: WidgetPlacement copyWith copies with new id                                                                      00:01 +38: /Users/wballard/github/formbuilder/test/models/widget_placement_test.dart: WidgetPlacement copyWith copies with new id                                                                      00:01 +38: /Users/wballard/github/formbuilder/test/models/widget_placement_test.dart: WidgetPlacement copyWith copies with new widgetName                                                              00:01 +39: /Users/wballard/github/formbuilder/test/models/widget_placement_test.dart: WidgetPlacement copyWith copies with new widgetName                                                              00:01 +39: /Users/wballard/github/formbuilder/test/models/widget_placement_test.dart: WidgetPlacement copyWith copies with new position                                                                00:01 +40: /Users/wballard/github/formbuilder/test/models/widget_placement_test.dart: WidgetPlacement copyWith copies with new position                                                                00:01 +40: /Users/wballard/github/formbuilder/test/models/widget_placement_test.dart: WidgetPlacement copyWith copies with new size                                                                    00:01 +41: /Users/wballard/github/formbuilder/test/models/widget_placement_test.dart: WidgetPlacement copyWith copies with new size                                                                    00:01 +41: /Users/wballard/github/formbuilder/test/models/widget_placement_test.dart: WidgetPlacement copyWith returns same values when no parameters provided                                         00:01 +42: /Users/wballard/github/formbuilder/test/models/widget_placement_test.dart: WidgetPlacement copyWith returns same values when no parameters provided                                         00:01 +42: /Users/wballard/github/formbuilder/test/models/widget_placement_test.dart: WidgetPlacement copyWith validates new values in copyWith                                                        00:01 +43: /Users/wballard/github/formbuilder/test/models/widget_placement_test.dart: WidgetPlacement copyWith validates new values in copyWith                                                        00:01 +43: /Users/wballard/github/formbuilder/test/models/widget_placement_test.dart: WidgetPlacement equality two instances with same values are equal                                                00:01 +44: /Users/wballard/github/formbuilder/test/models/widget_placement_test.dart: WidgetPlacement equality two instances with same values are equal                                                00:01 +44: /Users/wballard/github/formbuilder/test/models/widget_placement_test.dart: WidgetPlacement equality two instances with different ids are not equal                                          00:01 +45: /Users/wballard/github/formbuilder/test/models/widget_placement_test.dart: WidgetPlacement equality two instances with different ids are not equal                                          00:01 +45: /Users/wballard/github/formbuilder/test/models/widget_placement_test.dart: WidgetPlacement equality two instances with different positions are not equal                                    00:01 +46: /Users/wballard/github/formbuilder/test/models/widget_placement_test.dart: WidgetPlacement equality two instances with different positions are not equal                                    00:01 +46: /Users/wballard/github/formbuilder/test/models/widget_placement_test.dart: WidgetPlacement toString returns readable representation                                                         00:01 +47: /Users/wballard/github/formbuilder/test/models/widget_placement_test.dart: WidgetPlacement toString returns readable representation                                                         00:01 +47: loading /Users/wballard/github/formbuilder/test/models/layout_state_test.dart                                                                                                               00:01 +47: /Users/wballard/github/formbuilder/test/models/layout_state_test.dart: LayoutState construction creates valid instance with empty widgets                                                   00:01 +48: /Users/wballard/github/formbuilder/test/models/layout_state_test.dart: LayoutState construction creates valid instance with empty widgets                                                   00:01 +48: /Users/wballard/github/formbuilder/test/models/layout_state_test.dart: LayoutState construction creates valid instance with non-overlapping widgets                                         00:01 +49: /Users/wballard/github/formbuilder/test/models/layout_state_test.dart: LayoutState construction creates valid instance with non-overlapping widgets                                         00:01 +49: /Users/wballard/github/formbuilder/test/models/layout_state_test.dart: LayoutState construction throws ArgumentError when widgets overlap                                                   00:01 +50: /Users/wballard/github/formbuilder/test/models/layout_state_test.dart: LayoutState construction throws ArgumentError when widgets overlap                                                   00:01 +50: /Users/wballard/github/formbuilder/test/models/layout_state_test.dart: LayoutState construction throws ArgumentError when widget is outside grid                                            00:01 +51: /Users/wballard/github/formbuilder/test/models/layout_state_test.dart: LayoutState construction throws ArgumentError when widget is outside grid                                            00:01 +51: /Users/wballard/github/formbuilder/test/models/layout_state_test.dart: LayoutState construction empty factory creates 4x4 grid with no widgets                                              00:01 +52: /Users/wballard/github/formbuilder/test/models/layout_state_test.dart: LayoutState construction empty factory creates 4x4 grid with no widgets                                              00:01 +52: /Users/wballard/github/formbuilder/test/models/layout_state_test.dart: LayoutState canAddWidget returns true when widget fits and does not overlap                                          00:01 +53: /Users/wballard/github/formbuilder/test/models/layout_state_test.dart: LayoutState canAddWidget returns true when widget fits and does not overlap                                          00:01 +53: /Users/wballard/github/formbuilder/test/models/layout_state_test.dart: LayoutState canAddWidget returns false when widget does not fit in grid                                              00:01 +54: /Users/wballard/github/formbuilder/test/models/layout_state_test.dart: LayoutState canAddWidget returns false when widget does not fit in grid                                              00:01 +54: /Users/wballard/github/formbuilder/test/models/layout_state_test.dart: LayoutState canAddWidget returns false when widget overlaps existing widget                                          00:01 +55: /Users/wballard/github/formbuilder/test/models/layout_state_test.dart: LayoutState canAddWidget returns false when widget overlaps existing widget                                          00:01 +55: /Users/wballard/github/formbuilder/test/models/layout_state_test.dart: LayoutState canAddWidget returns false when widget with same id already exists                                       00:01 +56: /Users/wballard/github/formbuilder/test/models/layout_state_test.dart: LayoutState canAddWidget returns false when widget with same id already exists                                       00:01 +56: /Users/wballard/github/formbuilder/test/models/layout_state_test.dart: LayoutState addWidget adds widget when valid                                                                         00:01 +57: /Users/wballard/github/formbuilder/test/models/layout_state_test.dart: LayoutState addWidget adds widget when valid                                                                         00:01 +57: /Users/wballard/github/formbuilder/test/models/layout_state_test.dart: LayoutState addWidget throws ArgumentError when widget cannot be added                                               00:01 +58: /Users/wballard/github/formbuilder/test/models/layout_state_test.dart: LayoutState addWidget throws ArgumentError when widget cannot be added                                               00:01 +58: /Users/wballard/github/formbuilder/test/models/layout_state_test.dart: LayoutState removeWidget removes widget when it exists                                                               00:01 +59: /Users/wballard/github/formbuilder/test/models/layout_state_test.dart: LayoutState removeWidget removes widget when it exists                                                               00:01 +59: /Users/wballard/github/formbuilder/test/models/layout_state_test.dart: LayoutState removeWidget returns same state when widget does not exist                                               00:01 +60: /Users/wballard/github/formbuilder/test/models/layout_state_test.dart: LayoutState removeWidget returns same state when widget does not exist                                               00:01 +60: /Users/wballard/github/formbuilder/test/models/layout_state_test.dart: LayoutState updateWidget updates widget when new placement is valid                                                  00:01 +61: /Users/wballard/github/formbuilder/test/models/layout_state_test.dart: LayoutState updateWidget updates widget when new placement is valid                                                  00:01 +61: /Users/wballard/github/formbuilder/test/models/layout_state_test.dart: LayoutState updateWidget throws ArgumentError when widget does not exist                                             00:01 +62: /Users/wballard/github/formbuilder/test/models/layout_state_test.dart: LayoutState updateWidget throws ArgumentError when widget does not exist                                             00:01 +62: /Users/wballard/github/formbuilder/test/models/layout_state_test.dart: LayoutState updateWidget throws ArgumentError when new placement is invalid                                          00:01 +63: /Users/wballard/github/formbuilder/test/models/layout_state_test.dart: LayoutState updateWidget throws ArgumentError when new placement is invalid                                          00:01 +63: /Users/wballard/github/formbuilder/test/models/layout_state_test.dart: LayoutState updateWidget allows updating widget to overlap its current position                                      00:01 +64: /Users/wballard/github/formbuilder/test/models/layout_state_test.dart: LayoutState updateWidget allows updating widget to overlap its current position                                      00:01 +64: /Users/wballard/github/formbuilder/test/models/layout_state_test.dart: LayoutState getWidget returns widget when it exists                                                                  00:01 +65: /Users/wballard/github/formbuilder/test/models/layout_state_test.dart: LayoutState getWidget returns widget when it exists                                                                  00:01 +65: /Users/wballard/github/formbuilder/test/models/layout_state_test.dart: LayoutState getWidget returns null when widget does not exist                                                        00:01 +66: /Users/wballard/github/formbuilder/test/models/layout_state_test.dart: LayoutState getWidget returns null when widget does not exist                                                        00:01 +66: /Users/wballard/github/formbuilder/test/models/layout_state_test.dart: LayoutState resizeGrid resizes grid when all widgets fit                                                             00:01 +67: /Users/wballard/github/formbuilder/test/models/layout_state_test.dart: LayoutState resizeGrid resizes grid when all widgets fit                                                             00:01 +67: /Users/wballard/github/formbuilder/test/models/layout_state_test.dart: LayoutState resizeGrid removes widgets that do not fit in smaller grid                                               00:01 +68: /Users/wballard/github/formbuilder/test/models/layout_state_test.dart: LayoutState resizeGrid removes widgets that do not fit in smaller grid                                               00:01 +68: /Users/wballard/github/formbuilder/test/models/layout_state_test.dart: LayoutState getWidgetsInArea returns widgets that intersect with area                                                00:01 +69: /Users/wballard/github/formbuilder/test/models/layout_state_test.dart: LayoutState getWidgetsInArea returns widgets that intersect with area                                                00:01 +69: /Users/wballard/github/formbuilder/test/models/layout_state_test.dart: LayoutState getWidgetsInArea returns empty list when no widgets in area                                              00:01 +70: /Users/wballard/github/formbuilder/test/models/layout_state_test.dart: LayoutState getWidgetsInArea returns empty list when no widgets in area                                              00:01 +70: /Users/wballard/github/formbuilder/test/models/layout_state_test.dart: LayoutState serialization toJson creates correct JSON representation                                                 00:01 +71: /Users/wballard/github/formbuilder/test/models/layout_state_test.dart: LayoutState serialization toJson creates correct JSON representation                                                 00:01 +71: /Users/wballard/github/formbuilder/test/models/layout_state_test.dart: LayoutState serialization fromJson creates correct instance                                                          00:01 +72: /Users/wballard/github/formbuilder/test/models/layout_state_test.dart: LayoutState serialization fromJson creates correct instance                                                          00:01 +72: /Users/wballard/github/formbuilder/test/models/layout_state_test.dart: LayoutState serialization toJson and fromJson are symmetric                                                          00:01 +73: /Users/wballard/github/formbuilder/test/models/layout_state_test.dart: LayoutState serialization toJson and fromJson are symmetric                                                          00:01 +73: /Users/wballard/github/formbuilder/test/models/layout_state_test.dart: LayoutState copyWith copies with new dimensions                                                                      00:01 +74: /Users/wballard/github/formbuilder/test/models/layout_state_test.dart: LayoutState copyWith copies with new dimensions                                                                      00:01 +74: /Users/wballard/github/formbuilder/test/models/layout_state_test.dart: LayoutState copyWith copies with new widgets                                                                         00:01 +75: /Users/wballard/github/formbuilder/test/models/layout_state_test.dart: LayoutState copyWith copies with new widgets                                                                         00:01 +75: /Users/wballard/github/formbuilder/test/models/layout_state_test.dart: LayoutState copyWith returns same instance when no changes                                                           00:01 +76: /Users/wballard/github/formbuilder/test/models/layout_state_test.dart: LayoutState copyWith returns same instance when no changes                                                           00:01 +76: loading /Users/wballard/github/formbuilder/test/models/grid_dimensions_test.dart                                                                                                            00:01 +76: /Users/wballard/github/formbuilder/test/models/grid_dimensions_test.dart: GridDimensions creates valid instance with valid values                                                           00:01 +77: /Users/wballard/github/formbuilder/test/models/grid_dimensions_test.dart: GridDimensions creates valid instance with valid values                                                           00:01 +77: /Users/wballard/github/formbuilder/test/models/grid_dimensions_test.dart: GridDimensions creates instance with minimum values                                                               00:01 +78: /Users/wballard/github/formbuilder/test/models/grid_dimensions_test.dart: GridDimensions creates instance with minimum values                                                               00:01 +78: /Users/wballard/github/formbuilder/test/models/grid_dimensions_test.dart: GridDimensions creates instance with maximum values                                                               00:01 +79: /Users/wballard/github/formbuilder/test/models/grid_dimensions_test.dart: GridDimensions creates instance with maximum values                                                               00:01 +79: /Users/wballard/github/formbuilder/test/models/grid_dimensions_test.dart: GridDimensions throws AssertionError when columns is less than 1                                                  00:01 +80: /Users/wballard/github/formbuilder/test/models/grid_dimensions_test.dart: GridDimensions throws AssertionError when columns is less than 1                                                  00:01 +80: /Users/wballard/github/formbuilder/test/models/grid_dimensions_test.dart: GridDimensions throws AssertionError when columns is greater than 12                                              00:01 +81: /Users/wballard/github/formbuilder/test/models/grid_dimensions_test.dart: GridDimensions throws AssertionError when columns is greater than 12                                              00:01 +81: /Users/wballard/github/formbuilder/test/models/grid_dimensions_test.dart: GridDimensions throws AssertionError when rows is less than 1                                                     00:01 +82: /Users/wballard/github/formbuilder/test/models/grid_dimensions_test.dart: GridDimensions throws AssertionError when rows is less than 1                                                     00:01 +82: /Users/wballard/github/formbuilder/test/models/grid_dimensions_test.dart: GridDimensions throws AssertionError when rows is greater than 20                                                 00:01 +83: /Users/wballard/github/formbuilder/test/models/grid_dimensions_test.dart: GridDimensions throws AssertionError when rows is greater than 20                                                 00:01 +83: /Users/wballard/github/formbuilder/test/models/grid_dimensions_test.dart: GridDimensions copyWith copies with new columns value                                                             00:01 +84: /Users/wballard/github/formbuilder/test/models/grid_dimensions_test.dart: GridDimensions copyWith copies with new columns value                                                             00:01 +84: /Users/wballard/github/formbuilder/test/models/grid_dimensions_test.dart: GridDimensions copyWith copies with new rows value                                                                00:01 +85: /Users/wballard/github/formbuilder/test/models/grid_dimensions_test.dart: GridDimensions copyWith copies with new rows value                                                                00:01 +85: /Users/wballard/github/formbuilder/test/models/grid_dimensions_test.dart: GridDimensions copyWith copies with both values changed                                                           00:01 +86: /Users/wballard/github/formbuilder/test/models/grid_dimensions_test.dart: GridDimensions copyWith copies with both values changed                                                           00:01 +86: /Users/wballard/github/formbuilder/test/models/grid_dimensions_test.dart: GridDimensions copyWith returns same values when no parameters provided                                           00:01 +87: /Users/wballard/github/formbuilder/test/models/grid_dimensions_test.dart: GridDimensions copyWith returns same values when no parameters provided                                           00:01 +87: /Users/wballard/github/formbuilder/test/models/grid_dimensions_test.dart: GridDimensions copyWith validates new values in copyWith                                                          00:01 +88: /Users/wballard/github/formbuilder/test/models/grid_dimensions_test.dart: GridDimensions copyWith validates new values in copyWith                                                          00:01 +88: /Users/wballard/github/formbuilder/test/models/grid_dimensions_test.dart: GridDimensions equality two instances with same values are equal                                                  00:01 +89: /Users/wballard/github/formbuilder/test/models/grid_dimensions_test.dart: GridDimensions equality two instances with same values are equal                                                  00:01 +89: /Users/wballard/github/formbuilder/test/models/grid_dimensions_test.dart: GridDimensions equality two instances with different columns are not equal                                        00:01 +90: /Users/wballard/github/formbuilder/test/models/grid_dimensions_test.dart: GridDimensions equality two instances with different columns are not equal                                        00:01 +90: /Users/wballard/github/formbuilder/test/models/grid_dimensions_test.dart: GridDimensions equality two instances with different rows are not equal                                           00:01 +91: /Users/wballard/github/formbuilder/test/models/grid_dimensions_test.dart: GridDimensions equality two instances with different rows are not equal                                           00:01 +91: /Users/wballard/github/formbuilder/test/models/grid_dimensions_test.dart: GridDimensions toString returns readable representation                                                           00:01 +92: /Users/wballard/github/formbuilder/test/models/grid_dimensions_test.dart: GridDimensions toString returns readable representation                                                           00:01 +92: loading /Users/wballard/github/formbuilder/test/widget_test.dart                                                                                                                            00:01 +92: /Users/wballard/github/formbuilder/test/widget_test.dart: FormBuilderApp smoke test                                                                                                         00:02 +92: /Users/wballard/github/formbuilder/test/widget_test.dart: FormBuilderApp smoke test                                                                                                         00:02 +93: /Users/wballard/github/formbuilder/test/widgets/widget_delete_test.dart: Widget Delete Functionality PlacedWidget shows delete button when selected                                         00:02 +94: /Users/wballard/github/formbuilder/test/widgets/grid_widget_test.dart: GridWidget renders with correct dimensions                                                                           00:02 +95: /Users/wballard/github/formbuilder/test/widgets/grid_widget_test.dart: GridWidget renders with correct dimensions                                                                           00:02 +96: /Users/wballard/github/formbuilder/test/widgets/grid_widget_test.dart: GridWidget renders with correct dimensions                                                                           00:02 +97: /Users/wballard/github/formbuilder/test/widgets/grid_widget_test.dart: GridWidget renders with correct dimensions                                                                           00:02 +98: /Users/wballard/github/formbuilder/test/widgets/grid_resize_controls_test.dart: Grid Resize Controls GridResizeControls displays current dimensions                                         00:02 +99: /Users/wballard/github/formbuilder/test/widgets/grid_resize_controls_test.dart: Grid Resize Controls GridResizeControls displays current dimensions                                         00:02 +100: /Users/wballard/github/formbuilder/test/widgets/grid_resize_controls_test.dart: Grid Resize Controls GridResizeControls displays current dimensions                                        00:02 +101: /Users/wballard/github/formbuilder/test/widgets/grid_resize_controls_test.dart: Grid Resize Controls GridResizeControls displays current dimensions                                        00:02 +102: /Users/wballard/github/formbuilder/test/widgets/grid_resize_controls_test.dart: Grid Resize Controls GridResizeControls displays current dimensions                                        00:02 +103: /Users/wballard/github/formbuilder/test/widgets/grid_resize_controls_test.dart: Grid Resize Controls GridResizeControls displays current dimensions                                        00:02 +104: /Users/wballard/github/formbuilder/test/widgets/grid_resize_controls_test.dart: Grid Resize Controls GridResizeControls displays current dimensions                                        00:02 +105: /Users/wballard/github/formbuilder/test/widgets/grid_resize_controls_test.dart: Grid Resize Controls GridResizeControls displays current dimensions                                        00:02 +106: /Users/wballard/github/formbuilder/test/widgets/grid_resize_controls_test.dart: Grid Resize Controls GridResizeControls displays current dimensions                                        00:02 +107: /Users/wballard/github/formbuilder/test/widgets/grid_resize_controls_test.dart: Grid Resize Controls GridResizeControls displays current dimensions                                        00:02 +108: /Users/wballard/github/formbuilder/test/widgets/grid_resize_controls_test.dart: Grid Resize Controls GridResizeControls displays current dimensions                                        00:02 +109: /Users/wballard/github/formbuilder/test/widgets/grid_resize_controls_test.dart: Grid Resize Controls GridResizeControls displays current dimensions                                        00:02 +110: /Users/wballard/github/formbuilder/test/widgets/grid_resize_controls_test.dart: Grid Resize Controls GridResizeControls displays current dimensions                                        00:02 +111: /Users/wballard/github/formbuilder/test/widgets/grid_resize_controls_test.dart: Grid Resize Controls GridResizeControls displays current dimensions                                        00:02 +112: /Users/wballard/github/formbuilder/test/widgets/grid_resize_controls_test.dart: Grid Resize Controls GridResizeControls displays current dimensions                                        00:02 +113: /Users/wballard/github/formbuilder/test/widgets/grid_resize_controls_test.dart: Grid Resize Controls GridResizeControls displays current dimensions                                        00:02 +114: /Users/wballard/github/formbuilder/test/widgets/grid_resize_controls_test.dart: Grid Resize Controls GridResizeControls displays current dimensions                                        00:02 +115: /Users/wballard/github/formbuilder/test/widgets/grid_resize_controls_test.dart: Grid Resize Controls GridResizeControls displays current dimensions                                        00:02 +116: /Users/wballard/github/formbuilder/test/widgets/grid_resize_controls_test.dart: Grid Resize Controls GridResizeControls displays current dimensions                                        00:02 +117: /Users/wballard/github/formbuilder/test/widgets/grid_resize_controls_test.dart: Grid Resize Controls GridResizeControls displays current dimensions                                        00:02 +118: /Users/wballard/github/formbuilder/test/widgets/grid_resize_controls_test.dart: Grid Resize Controls GridResizeControls displays current dimensions                                        00:02 +119: /Users/wballard/github/formbuilder/test/widgets/grid_resize_controls_test.dart: Grid Resize Controls GridResizeControls displays current dimensions                                        00:02 +120: /Users/wballard/github/formbuilder/test/widgets/resize_handle_test.dart: ResizeHandle creates widget with required properties                                                              00:02 +121: /Users/wballard/github/formbuilder/test/widgets/resize_handle_test.dart: ResizeHandle creates widget with required properties                                                              00:02 +122: /Users/wballard/github/formbuilder/test/widgets/resize_handle_test.dart: ResizeHandle creates widget with required properties                                                              00:02 +123: /Users/wballard/github/formbuilder/test/widgets/resize_handle_test.dart: ResizeHandle creates widget with required properties                                                              00:02 +124: /Users/wballard/github/formbuilder/test/widgets/resize_handle_test.dart: ResizeHandle creates widget with required properties                                                              00:02 +125: /Users/wballard/github/formbuilder/test/widgets/resize_handle_test.dart: ResizeHandle creates widget with required properties                                                              00:02 +126: /Users/wballard/github/formbuilder/test/widgets/resize_handle_test.dart: ResizeHandle creates widget with required properties                                                              00:02 +127: /Users/wballard/github/formbuilder/test/widgets/grid_drag_target_test.dart: GridDragTarget creates widget with required properties                                                         00:02 +128: /Users/wballard/github/formbuilder/test/widgets/grid_drag_target_test.dart: GridDragTarget creates widget with required properties                                                         00:02 +129: /Users/wballard/github/formbuilder/test/widgets/grid_drag_target_test.dart: GridDragTarget creates widget with required properties                                                         00:02 +130: /Users/wballard/github/formbuilder/test/widgets/grid_drag_target_test.dart: GridDragTarget creates widget with required properties                                                         00:02 +131: /Users/wballard/github/formbuilder/test/widgets/grid_drag_target_test.dart: GridDragTarget creates widget with required properties                                                         00:02 +132: /Users/wballard/github/formbuilder/test/widgets/grid_drag_target_test.dart: GridDragTarget creates widget with required properties                                                         00:02 +133: /Users/wballard/github/formbuilder/test/widgets/grid_drag_target_test.dart: GridDragTarget creates widget with required properties                                                         00:02 +134: /Users/wballard/github/formbuilder/test/widgets/grid_drag_target_test.dart: GridDragTarget creates widget with required properties                                                         00:02 +135: /Users/wballard/github/formbuilder/test/widgets/grid_drag_target_test.dart: GridDragTarget creates widget with required properties                                                         00:02 +136: /Users/wballard/github/formbuilder/test/widgets/grid_drag_target_test.dart: GridDragTarget creates widget with required properties                                                         00:02 +137: /Users/wballard/github/formbuilder/test/widgets/grid_drag_target_test.dart: GridDragTarget creates widget with required properties                                                         00:02 +138: /Users/wballard/github/formbuilder/test/widgets/grid_drag_target_test.dart: GridDragTarget creates widget with required properties                                                         00:02 +139: /Users/wballard/github/formbuilder/test/widgets/grid_drag_target_test.dart: GridDragTarget creates widget with required properties                                                         00:02 +140: /Users/wballard/github/formbuilder/test/widgets/grid_drag_target_test.dart: GridDragTarget creates widget with required properties                                                         00:02 +141: /Users/wballard/github/formbuilder/test/widgets/grid_drag_target_test.dart: GridDragTarget creates widget with required properties                                                         00:02 +142: /Users/wballard/github/formbuilder/test/widgets/grid_drag_target_test.dart: GridDragTarget creates widget with required properties                                                         00:02 +143: /Users/wballard/github/formbuilder/test/widgets/grid_drag_target_test.dart: GridDragTarget creates widget with required properties                                                         00:02 +144: /Users/wballard/github/formbuilder/test/widgets/grid_drag_target_test.dart: GridDragTarget creates widget with required properties                                                         00:03 +144: /Users/wballard/github/formbuilder/test/widgets/grid_drag_target_test.dart: GridDragTarget creates widget with required properties                                                         00:03 +145: /Users/wballard/github/formbuilder/test/widgets/grid_drag_target_test.dart: GridDragTarget creates widget with required properties                                                         00:03 +146: /Users/wballard/github/formbuilder/test/widgets/grid_drag_target_test.dart: GridDragTarget creates widget with required properties                                                         00:03 +147: /Users/wballard/github/formbuilder/test/widgets/grid_drag_target_test.dart: GridDragTarget creates widget with required properties                                                         00:03 +148: /Users/wballard/github/formbuilder/test/widgets/grid_drag_target_test.dart: GridDragTarget creates widget with required properties                                                         00:03 +149: /Users/wballard/github/formbuilder/test/widgets/grid_drag_target_test.dart: GridDragTarget creates widget with required properties                                                         00:03 +150: /Users/wballard/github/formbuilder/test/widgets/grid_drag_target_test.dart: GridDragTarget creates widget with required properties                                                         00:03 +151: /Users/wballard/github/formbuilder/test/widgets/grid_drag_target_test.dart: GridDragTarget creates widget with required properties                                                         00:03 +152: /Users/wballard/github/formbuilder/test/widgets/grid_drag_target_test.dart: GridDragTarget creates widget with required properties                                                         00:03 +153: /Users/wballard/github/formbuilder/test/widgets/grid_drag_target_test.dart: GridDragTarget creates widget with required properties                                                         00:03 +154: /Users/wballard/github/formbuilder/test/widgets/placed_widget_test.dart: PlacedWidget renders child widget                                                                                 00:03 +155: /Users/wballard/github/formbuilder/test/widgets/placed_widget_test.dart: PlacedWidget renders child widget                                                                                 00:03 +156: /Users/wballard/github/formbuilder/test/widgets/placed_widget_test.dart: PlacedWidget renders child widget                                                                                 00:03 +157: /Users/wballard/github/formbuilder/test/widgets/placed_widget_test.dart: PlacedWidget renders child widget                                                                                 00:03 +158: /Users/wballard/github/formbuilder/test/widgets/toolbox_widget_test.dart: ToolboxWidget displays all toolbox items                                                                         00:03 +159: /Users/wballard/github/formbuilder/test/widgets/toolbox_widget_test.dart: ToolboxWidget displays all toolbox items                                                                         00:03 +160: /Users/wballard/github/formbuilder/test/widgets/toolbox_widget_test.dart: ToolboxWidget displays all toolbox items                                                                         00:03 +161: /Users/wballard/github/formbuilder/test/widgets/toolbox_widget_test.dart: ToolboxWidget displays all toolbox items                                                                         00:03 +162: /Users/wballard/github/formbuilder/test/widgets/toolbox_widget_test.dart: ToolboxWidget displays all toolbox items                                                                         00:03 +163: /Users/wballard/github/formbuilder/test/widgets/toolbox_widget_test.dart: ToolboxWidget displays all toolbox items                                                                         00:03 +164: /Users/wballard/github/formbuilder/test/widgets/toolbox_widget_test.dart: ToolboxWidget displays all toolbox items                                                                         00:03 +165: /Users/wballard/github/formbuilder/test/widgets/toolbox_widget_test.dart: ToolboxWidget displays all toolbox items                                                                         00:03 +166: /Users/wballard/github/formbuilder/test/widgets/toolbox_widget_test.dart: ToolboxWidget displays all toolbox items                                                                         00:03 +167: /Users/wballard/github/formbuilder/test/widgets/toolbox_widget_test.dart: ToolboxWidget displays all toolbox items                                                                         00:03 +168: /Users/wballard/github/formbuilder/test/widgets/toolbox_widget_test.dart: ToolboxWidget displays all toolbox items                                                                         00:03 +169: /Users/wballard/github/formbuilder/test/widgets/toolbox_widget_test.dart: ToolboxWidget displays all toolbox items                                                                         00:03 +170: /Users/wballard/github/formbuilder/test/widgets/toolbox_widget_test.dart: ToolboxWidget displays all toolbox items                                                                         00:03 +171: /Users/wballard/github/formbuilder/test/widgets/toolbox_widget_test.dart: ToolboxWidget displays all toolbox items                                                                         00:03 +172: /Users/wballard/github/formbuilder/test/widgets/toolbox_widget_test.dart: ToolboxWidget displays all toolbox items                                                                         00:03 +173: /Users/wballard/github/formbuilder/test/widgets/toolbox_widget_test.dart: ToolboxWidget displays all toolbox items                                                                         00:03 +174: /Users/wballard/github/formbuilder/test/widgets/toolbox_widget_test.dart: ToolboxWidget displays all toolbox items                                                                         00:03 +175: /Users/wballard/github/formbuilder/test/widgets/toolbox_widget_test.dart: ToolboxWidget displays all toolbox items                                                                         00:03 +176: /Users/wballard/github/formbuilder/test/widgets/toolbox_widget_test.dart: ToolboxWidget displays all toolbox items                                                                         00:03 +177: /Users/wballard/github/formbuilder/test/widgets/toolbox_widget_test.dart: ToolboxWidget displays all toolbox items                                                                         00:03 +178: /Users/wballard/github/formbuilder/test/widgets/toolbox_widget_test.dart: ToolboxWidget displays all toolbox items                                                                         00:03 +179: /Users/wballard/github/formbuilder/test/widgets/toolbox_widget_test.dart: ToolboxWidget displays all toolbox items                                                                         00:03 +180: /Users/wballard/github/formbuilder/test/widgets/toolbox_widget_test.dart: ToolboxWidget displays all toolbox items                                                                         00:03 +181: /Users/wballard/github/formbuilder/test/widgets/grid_container_test.dart: GridContainer renders grid and placed widgets                                                                    00:03 +182: /Users/wballard/github/formbuilder/test/widgets/grid_container_test.dart: GridContainer renders grid and placed widgets                                                                    00:03 +183: /Users/wballard/github/formbuilder/test/widgets/grid_container_test.dart: GridContainer renders grid and placed widgets                                                                    00:03 +184: /Users/wballard/github/formbuilder/test/widgets/grid_container_test.dart: GridContainer renders grid and placed widgets                                                                    00:03 +185: /Users/wballard/github/formbuilder/test/widgets/grid_container_test.dart: GridContainer renders grid and placed widgets                                                                    00:03 +186: /Users/wballard/github/formbuilder/test/widgets/grid_container_test.dart: GridContainer renders grid and placed widgets                                                                    00:03 +187: /Users/wballard/github/formbuilder/test/widgets/grid_container_test.dart: GridContainer renders grid and placed widgets                                                                    00:03 +188: /Users/wballard/github/formbuilder/test/widgets/grid_container_test.dart: GridContainer renders grid and placed widgets                                                                    00:03 +189: /Users/wballard/github/formbuilder/test/widgets/grid_container_test.dart: GridContainer renders grid and placed widgets                                                                    00:03 +190: /Users/wballard/github/formbuilder/test/widgets/grid_container_test.dart: GridContainer renders grid and placed widgets                                                                    00:03 +191: /Users/wballard/github/formbuilder/test/widgets/grid_container_test.dart: GridContainer renders grid and placed widgets                                                                    00:03 +192: /Users/wballard/github/formbuilder/test/widgets/grid_container_test.dart: GridContainer renders grid and placed widgets                                                                    00:03 +193: /Users/wballard/github/formbuilder/test/widgets/grid_container_test.dart: GridContainer renders grid and placed widgets                                                                    00:03 +194: /Users/wballard/github/formbuilder/test/widgets/grid_container_test.dart: GridContainer renders grid and placed widgets                                                                    00:03 +195: /Users/wballard/github/formbuilder/test/widgets/grid_container_test.dart: GridContainer renders grid and placed widgets                                                                    00:03 +196: /Users/wballard/github/formbuilder/test/widgets/grid_container_test.dart: GridContainer renders grid and placed widgets                                                                    00:03 +197: /Users/wballard/github/formbuilder/test/widgets/grid_container_test.dart: GridContainer renders grid and placed widgets                                                                    00:03 +198: /Users/wballard/github/formbuilder/test/widgets/grid_container_test.dart: GridContainer renders grid and placed widgets                                                                    00:03 +199: /Users/wballard/github/formbuilder/test/widgets/grid_container_test.dart: GridContainer renders grid and placed widgets                                                                    00:03 +200: /Users/wballard/github/formbuilder/test/widgets/grid_container_test.dart: GridContainer renders grid and placed widgets                                                                    00:03 +201: /Users/wballard/github/formbuilder/test/widgets/grid_container_test.dart: GridContainer renders grid and placed widgets                                                                    00:03 +202: /Users/wballard/github/formbuilder/test/widgets/grid_container_test.dart: GridContainer renders grid and placed widgets                                                                    00:03 +203: /Users/wballard/github/formbuilder/test/widgets/grid_container_test.dart: GridContainer renders grid and placed widgets                                                                    00:03 +204: /Users/wballard/github/formbuilder/test/widgets/grid_container_test.dart: GridContainer renders grid and placed widgets                                                                    00:03 +205: /Users/wballard/github/formbuilder/test/widgets/grid_container_test.dart: GridContainer renders grid and placed widgets                                                                    00:03 +206: /Users/wballard/github/formbuilder/test/widgets/grid_container_test.dart: GridContainer renders grid and placed widgets                                                                    00:03 +207: /Users/wballard/github/formbuilder/test/widgets/grid_container_test.dart: GridContainer renders grid and placed widgets                                                                    00:03 +208: /Users/wballard/github/formbuilder/test/widgets/grid_container_test.dart: GridContainer renders grid and placed widgets                                                                    00:03 +209: /Users/wballard/github/formbuilder/test/widgets/grid_container_test.dart: GridContainer renders grid and placed widgets                                                                    00:03 +210: /Users/wballard/github/formbuilder/test/widgets/grid_container_test.dart: GridContainer renders grid and placed widgets                                                                    00:03 +211: /Users/wballard/github/formbuilder/test/widgets/grid_container_test.dart: GridContainer renders grid and placed widgets                                                                    00:03 +212: /Users/wballard/github/formbuilder/test/widgets/grid_resize_test.dart: Grid Resize Functionality GridDragTarget accepts onWidgetResize callback                                            00:03 +213: /Users/wballard/github/formbuilder/test/widgets/grid_resize_test.dart: Grid Resize Functionality GridDragTarget accepts onWidgetResize callback                                            00:03 +214: /Users/wballard/github/formbuilder/test/widgets/grid_resize_test.dart: Grid Resize Functionality GridDragTarget accepts onWidgetResize callback                                            00:03 +215: /Users/wballard/github/formbuilder/test/widgets/grid_resize_test.dart: Grid Resize Functionality GridDragTarget accepts onWidgetResize callback                                            00:03 +216: /Users/wballard/github/formbuilder/test/widgets/grid_resize_test.dart: Grid Resize Functionality GridDragTarget accepts onWidgetResize callback                                            00:03 +217: /Users/wballard/github/formbuilder/test/widgets/grid_resize_test.dart: Grid Resize Functionality GridDragTarget accepts onWidgetResize callback                                            00:03 +218: /Users/wballard/github/formbuilder/test/widgets/grid_resize_test.dart: Grid Resize Functionality GridDragTarget accepts onWidgetResize callback                                            00:03 +219: /Users/wballard/github/formbuilder/test/widgets/grid_resize_test.dart: Grid Resize Functionality GridDragTarget accepts onWidgetResize callback                                            00:03 +220: /Users/wballard/github/formbuilder/test/widgets/grid_resize_test.dart: Grid Resize Functionality GridDragTarget accepts onWidgetResize callback                                            00:03 +221: /Users/wballard/github/formbuilder/test/widgets/grid_resize_test.dart: Grid Resize Functionality GridDragTarget accepts onWidgetResize callback                                            00:03 +222: /Users/wballard/github/formbuilder/test/widgets/grid_resize_test.dart: Grid Resize Functionality GridDragTarget accepts onWidgetResize callback                                            00:03 +223: /Users/wballard/github/formbuilder/test/widgets/grid_container_test.dart: GridContainer updates when layout state changes                                                                  00:03 +224: /Users/wballard/github/formbuilder/test/widgets/grid_resize_test.dart: Grid Resize Functionality GridContainer shows resize handles for selected widgets                                   00:03 +225: /Users/wballard/github/formbuilder/test/widgets/grid_container_test.dart: GridContainer passes highlight validation function                                                               00:03 +226: /Users/wballard/github/formbuilder/test/widgets/grid_resize_test.dart: Grid Resize Functionality GridContainer does not show resize handles for non-selected widgets                       00:03 +227: /Users/wballard/github/formbuilder/test/widgets/grid_resize_test.dart: Grid Resize Functionality GridContainer does not show resize handles for non-selected widgets                       00:03 +228: /Users/wballard/github/formbuilder/test/widgets/grid_resize_test.dart: Grid Resize Functionality GridContainer does not show resize handles for non-selected widgets                       00:03 +228: /Users/wballard/github/formbuilder/test/widgets/grid_resize_test.dart: Grid Resize Functionality Resize calculations respect minimum dimensions                                            00:03 +229: /Users/wballard/github/formbuilder/test/widgets/grid_resize_test.dart: Grid Resize Functionality Resize calculations respect minimum dimensions                                            00:03 +229: /Users/wballard/github/formbuilder/test/widgets/grid_resize_test.dart: Grid Resize Functionality Resize calculations respect grid boundaries                                               00:03 +230: /Users/wballard/github/formbuilder/test/widgets/grid_resize_test.dart: Grid Resize Functionality Resize calculations respect grid boundaries                                               00:03 +230: /Users/wballard/github/formbuilder/test/widgets/grid_resize_test.dart: Grid Resize Functionality Resize operations prevent overlaps with other widgets                                     00:03 +231: /Users/wballard/github/formbuilder/test/widgets/grid_resize_test.dart: Grid Resize Functionality Resize operations prevent overlaps with other widgets                                     00:03 +231: /Users/wballard/github/formbuilder/test/widgets/grid_resize_test.dart: Grid Resize Functionality ResizeData contains correct information                                                   00:04 +231: /Users/wballard/github/formbuilder/test/widgets/grid_resize_test.dart: Grid Resize Functionality ResizeData contains correct information                                                   00:04 +232: /Users/wballard/github/formbuilder/test/widgets/grid_resize_test.dart: Grid Resize Functionality ResizeData contains correct information                                                   00:04 +232: /Users/wballard/github/formbuilder/test/widgets/grid_resize_test.dart: Grid Resize Functionality Resize handle types All 8 resize handle types are present                                 00:04 +233: /Users/wballard/github/formbuilder/test/widgets/grid_resize_test.dart: Grid Resize Functionality Resize handle types All 8 resize handle types are present                                 00:04 +233: /Users/wballard/github/formbuilder/test/widgets/grid_resize_test.dart: Grid Resize Functionality Visual feedback Selected widgets show resize handles                                      00:04 +234: /Users/wballard/github/formbuilder/test/widgets/grid_resize_test.dart: Grid Resize Functionality Visual feedback Selected widgets show resize handles                                      00:04 +234: /Users/wballard/github/formbuilder/test/widgets/grid_resize_test.dart: Grid Resize Functionality Visual feedback Non-selected widgets do not show resize handles                           00:04 +235: /Users/wballard/github/formbuilder/test/widgets/grid_resize_test.dart: Grid Resize Functionality Visual feedback Non-selected widgets do not show resize handles                           00:04 +235: All tests passed!                                                                                                                                                                          
